........                                                                 [100%]
8 passed in 18.48s
